// Jest Snapshot v1, https://goo.gl/fbAQLP

exports[`MyButton tests should render properly 1`] = `
<View
  accessible={true}
  focusable={true}
  onClick={[Function]}
  onResponderGrant={[Function]}
  onResponderMove={[Function]}
  onResponderRelease={[Function]}
  onResponderTerminate={[Function]}
  onResponderTerminationRequest={[Function]}
  onStartShouldSetResponder={[Function]}
  style={
    Object {
      "backgroundColor": "rgba(92, 45, 145, 1)",
      "borderBottomEndRadius": 15,
      "borderRadius": 3,
      "marginVertical": 20,
      "opacity": 1,
      "padding": 10,
      "width": "100%",
    }
  }
>
  <Text
    style={
      Object {
        "color": "white",
        "textAlign": "center",
      }
    }
  >
    label
  </Text>
</View>
`;
